// Jest Snapshot v1, https://goo.gl/fbAQLP

exports[`renders correctly 1`] = `
<div
  className="App"
  id="root"
>
  <nav
    className="navbar navbar-expand-lg navbar-dark bg-dark"
  >
    <a
      className="navbar-brand"
      href="#home"
    >
      Crypto App
    </a>
    <button
      aria-controls="basic-navbar-nav"
      aria-label="Toggle navigation"
      className="navbar-toggler collapsed"
      onClick={[Function]}
      type="button"
    >
      <span
        className="navbar-toggler-icon"
      />
    </button>
    <div
      aria-expanded={null}
      className="navbar-collapse collapse"
      id="basic-navbar-nav"
    >
      <div
        className="mr-auto navbar-nav"
        onKeyDown={[Function]}
      >
        <a
          class="nav-link"
          href="/"
          onClick={[Function]}
        >
          Home
        </a>
        <a
          class="nav-link"
          href="/admin"
          onClick={[Function]}
        >
          Admin
        </a>
      </div>
    </div>
  </nav>
  <div>
    <h2>
      Landing
    </h2>
  </div>
</div>
`;
